Archive member included to satisfy reference by file (symbol)

C:/Program Files/SEGGER/SEGGER Embedded Studio for ARM 5.68/lib/libc_v7em_fpv4_sp_d16_hard_t_le_eabi.a(libc2.o)
                              Output/Debug/Obj/Tutorial/main.o (printf)
C:/Program Files/SEGGER/SEGGER Embedded Studio for ARM 5.68/lib/libc_v7em_fpv4_sp_d16_hard_t_le_eabi.a(libc2_asm.o)
                              Output/Debug/Obj/Tutorial/gpi.o (memcpy)
C:/Program Files/SEGGER/SEGGER Embedded Studio for ARM 5.68/lib/libc_v7em_fpv4_sp_d16_hard_t_le_eabi.a(libvfprintf.o)
                              (__vfprintf_long)
C:/Program Files/SEGGER/SEGGER Embedded Studio for ARM 5.68/lib/libc_v7em_fpv4_sp_d16_hard_t_le_eabi.a(libvfscanf.o)
                              (__vfscanf_long)
C:/Program Files/SEGGER/SEGGER Embedded Studio for ARM 5.68/lib/libc_v7em_fpv4_sp_d16_hard_t_le_eabi.a(libc.o)
                              C:/Program Files/SEGGER/SEGGER Embedded Studio for ARM 5.68/lib/libc_v7em_fpv4_sp_d16_hard_t_le_eabi.a(libc2.o) (__heap_lock)
C:/Program Files/SEGGER/SEGGER Embedded Studio for ARM 5.68/lib/libc_v7em_fpv4_sp_d16_hard_t_le_eabi.a(libc_asm.o)
                              C:/Program Files/SEGGER/SEGGER Embedded Studio for ARM 5.68/lib/libc_v7em_fpv4_sp_d16_hard_t_le_eabi.a(libc2.o) (__aeabi_uldivmod)
C:/Program Files/SEGGER/SEGGER Embedded Studio for ARM 5.68/lib/libdebugio_v7em_fpv4_sp_d16_hard_t_le_eabi.a(libdebugio.o)
                              Output/Debug/Obj/Tutorial/thumb_crt0.o (debug_fopen)
C:/Program Files/SEGGER/SEGGER Embedded Studio for ARM 5.68/lib/libdebugio_v7em_fpv4_sp_d16_hard_t_le_eabi.a(do_nv_debug_operation.o)
                              C:/Program Files/SEGGER/SEGGER Embedded Studio for ARM 5.68/lib/libdebugio_v7em_fpv4_sp_d16_hard_t_le_eabi.a(libdebugio.o) (__do_nvdebug_operation)
C:/Program Files/SEGGER/SEGGER Embedded Studio for ARM 5.68/lib/libdebugio_v7em_fpv4_sp_d16_hard_t_le_eabi.a(mempoll_debug_operations.o)
                              (__do_debug_operation_mempoll)
C:/Program Files/SEGGER/SEGGER Embedded Studio for ARM 5.68/lib/libm_v7em_fpv4_sp_d16_hard_t_le_eabi.a(libm_asm.o)
                              C:/Program Files/SEGGER/SEGGER Embedded Studio for ARM 5.68/lib/libc_v7em_fpv4_sp_d16_hard_t_le_eabi.a(libc2.o) (__aeabi_dadd)
C:/Program Files/SEGGER/SEGGER Embedded Studio for ARM 5.68/lib/libm_v7em_fpv4_sp_d16_hard_t_le_eabi.a(libm2.o)
                              C:/Program Files/SEGGER/SEGGER Embedded Studio for ARM 5.68/lib/libc_v7em_fpv4_sp_d16_hard_t_le_eabi.a(libvfprintf.o) (frexp)

Discarded input sections

 .group         0x0000000000000000        0xc Output/Debug/Obj/Tutorial/system_nrf52840.o
 .group         0x0000000000000000        0xc Output/Debug/Obj/Tutorial/system_nrf52840.o
 .group         0x0000000000000000        0xc Output/Debug/Obj/Tutorial/system_nrf52840.o
 .group         0x0000000000000000        0xc Output/Debug/Obj/Tutorial/system_nrf52840.o
 .group         0x0000000000000000        0xc Output/Debug/Obj/Tutorial/system_nrf52840.o
 .group         0x0000000000000000        0xc Output/Debug/Obj/Tutorial/system_nrf52840.o
 .group         0x0000000000000000        0xc Output/Debug/Obj/Tutorial/system_nrf52840.o
 .group         0x0000000000000000        0xc Output/Debug/Obj/Tutorial/system_nrf52840.o
 .group         0x0000000000000000        0xc Output/Debug/Obj/Tutorial/system_nrf52840.o
 .group         0x0000000000000000        0xc Output/Debug/Obj/Tutorial/system_nrf52840.o
 .group         0x0000000000000000        0xc Output/Debug/Obj/Tutorial/system_nrf52840.o
 .group         0x0000000000000000        0xc Output/Debug/Obj/Tutorial/system_nrf52840.o
 .group         0x0000000000000000        0xc Output/Debug/Obj/Tutorial/system_nrf52840.o
 .text          0x0000000000000000        0x0 Output/Debug/Obj/Tutorial/system_nrf52840.o
 .data          0x0000000000000000        0x0 Output/Debug/Obj/Tutorial/system_nrf52840.o
 .bss           0x0000000000000000        0x0 Output/Debug/Obj/Tutorial/system_nrf52840.o
 .init          0x0000000000000000        0x0 Output/Debug/Obj/Tutorial/system_nrf52840.o
 .init.SystemCoreClockUpdate
                0x0000000000000000       0x10 Output/Debug/Obj/Tutorial/system_nrf52840.o
 .group         0x0000000000000000        0xc Output/Debug/Obj/Tutorial/main.o
 .group         0x0000000000000000        0xc Output/Debug/Obj/Tutorial/main.o
 .group         0x0000000000000000        0xc Output/Debug/Obj/Tutorial/main.o
 .group         0x0000000000000000        0xc Output/Debug/Obj/Tutorial/main.o
 .group         0x0000000000000000        0xc Output/Debug/Obj/Tutorial/main.o
 .group         0x0000000000000000        0xc Output/Debug/Obj/Tutorial/main.o
 .group         0x0000000000000000        0xc Output/Debug/Obj/Tutorial/main.o
 .group         0x0000000000000000        0xc Output/Debug/Obj/Tutorial/main.o
 .group         0x0000000000000000        0xc Output/Debug/Obj/Tutorial/main.o
[...]
Memory Configuration

Name             Origin             Length             Attributes
UNPLACED_SECTIONS 0x0000000100000000 0x0000000000000000 xw
RAM              0x0000000020000000 0x0000000000040000 xw
FLASH            0x0000000000000000 0x0000000000100000 xr
*default*        0x0000000000000000 0xffffffffffffffff

Linker script and memory map

                0x0000000000000000                __do_debug_operation = __do_debug_operation_mempoll
                0x0000000000004160                __vfprintf = __vfprintf_long
                0x0000000000000000                __vfscanf = __vfscanf_long
                0x0000000020000000                __RAM_segment_start__ = 0x20000000
                0x0000000020040000                __RAM_segment_end__ = 0x20040000
                0x0000000000040000                __RAM_segment_size__ = 0x40000
                0x0000000000000000                __FLASH_segment_start__ = 0x0
                0x0000000000100000                __FLASH_segment_end__ = 0x100000
                0x0000000000100000                __FLASH_segment_size__ = 0x100000
                0x0000000000000100                __HEAPSIZE__ = 0x100
                0x0000000000000000                __STACKSIZE_PROCESS__ = 0x0
                0x0000000000000100                __STACKSIZE__ = 0x100
                0x0000000020000000                __vectors_ram_load_start__ = ALIGN (__RAM_segment_start__, 0x100)

.vectors_ram    0x0000000020000000        0x0
                0x0000000020000000                __vectors_ram_start__ = .
 *(.vectors_ram .vectors_ram.*)
                0x0000000020000000                __vectors_ram_end__ = (__vectors_ram_start__ + SIZEOF (.vectors_ram))
                0x0000000000000000                __vectors_ram_size__ = SIZEOF (.vectors_ram)
                0x0000000020000000                __vectors_ram_load_end__ = __vectors_ram_end__
                0x0000000000000001                . = ASSERT (((__vectors_ram_start__ == __vectors_ram_end__) || ((__vectors_ram_end__ - __RAM_segment_start__) <= __RAM_segment_size__)), error: .vectors_ram is too large to fit in RAM memory segment)
                0x0000000000000000                __vectors_load_start__ = ALIGN (__FLASH_segment_start__, 0x100)

.vectors        0x0000000000000000       0xf8
                0x0000000000000000                __vectors_start__ = .
 *(.vectors .vectors.*)
 .vectors       0x0000000000000000       0xf8 Output/Debug/Obj/Tutorial/ses_nrf52840_Vectors.o
                0x0000000000000000                _vectors
                0x00000000000000f8                __vectors_end__ = (__vectors_start__ + SIZEOF (.vectors))
                0x00000000000000f8                __vectors_size__ = SIZEOF (.vectors)
                0x00000000000000f8                __vectors_load_end__ = __vectors_end__
                0x0000000000000001                . = ASSERT (((__vectors_start__ == __vectors_end__) || ((__vectors_end__ - __FLASH_segment_start__) <= __FLASH_segment_size__)), error: .vectors is too large to fit in FLASH memory segment)
                0x00000000000000f8                __init_load_start__ = ALIGN (__vectors_end__, 0x4)

.init           0x00000000000000f8      0x464
                0x00000000000000f8                __init_start__ = .
 *(.init .init.*)
 .init.SystemInit
                0x00000000000000f8      0x260 Output/Debug/Obj/Tutorial/system_nrf52840.o
                0x00000000000000f8                SystemInit
 .init          0x0000000000000358      0x158 Output/Debug/Obj/Tutorial/thumb_crt0.o
                0x0000000000000358                _start
                0x000000000000040a                exit
 .init          0x00000000000004b0       0x40 Output/Debug/Obj/Tutorial/ses_nRF_Startup.o
                0x00000000000004b0                Reset_Handler
 .init          0x00000000000004f0       0x6c Output/Debug/Obj/Tutorial/ses_nrf52840_Vectors.o
                0x00000000000004f0                NMI_Handler
                0x00000000000004f2                HardFault_Handler
                0x00000000000004f4                MemoryManagement_Handler
                0x00000000000004f6                BusFault_Handler
                0x00000000000004f8                UsageFault_Handler
                0x00000000000004fa                SVC_Handler
                0x00000000000004fc                DebugMon_Handler
                0x00000000000004fe                PendSV_Handler
                0x0000000000000500                SysTick_Handler
                0x0000000000000504                POWER_CLOCK_IRQHandler
                0x0000000000000508                UARTE0_UART0_IRQHandler
                0x000000000000050a                SPIM0_SPIS0_TWIM0_TWIS0_SPI0_TWI0_IRQHandler
                0x000000000000050c                SPIM1_SPIS1_TWIM1_TWIS1_SPI1_TWI1_IRQHandler
                0x000000000000050e                NFCT_IRQHandler
                0x0000000000000510                GPIOTE_IRQHandler
                0x0000000000000512                SAADC_IRQHandler
                0x0000000000000516                TIMER1_IRQHandler
                0x0000000000000518                TIMER2_IRQHandler
                0x000000000000051a                RTC0_IRQHandler
                0x000000000000051c                TEMP_IRQHandler
                0x000000000000051e                RNG_IRQHandler
                0x0000000000000520                ECB_IRQHandler
                0x0000000000000522                CCM_AAR_IRQHandler
                0x0000000000000524                WDT_IRQHandler
                0x0000000000000526                RTC1_IRQHandler
                0x0000000000000528                QDEC_IRQHandler
                0x000000000000052a                COMP_LPCOMP_IRQHandler
                0x000000000000052c                SWI0_EGU0_IRQHandler
                0x000000000000052e                SWI1_EGU1_IRQHandler
                0x0000000000000530                SWI2_EGU2_IRQHandler
                0x0000000000000532                SWI3_EGU3_IRQHandler
                0x0000000000000534                SWI4_EGU4_IRQHandler
                0x0000000000000536                SWI5_EGU5_IRQHandler
                0x0000000000000538                TIMER3_IRQHandler
                0x000000000000053a                TIMER4_IRQHandler
                0x000000000000053c                PWM0_IRQHandler
                0x000000000000053e                PDM_IRQHandler
                0x0000000000000540                MWU_IRQHandler
                0x0000000000000542                PWM1_IRQHandler
                0x0000000000000544                PWM2_IRQHandler
                0x0000000000000546                SPIM2_SPIS2_SPI2_IRQHandler
                0x0000000000000548                RTC2_IRQHandler
                0x000000000000054a                I2S_IRQHandler
                0x000000000000054c                FPU_IRQHandler
                0x000000000000054e                USBD_IRQHandler
                0x0000000000000550                UARTE1_IRQHandler
                0x0000000000000552                QSPI_IRQHandler
                0x0000000000000554                CRYPTOCELL_IRQHandler
                0x0000000000000556                SPIM3_IRQHandler
                0x0000000000000558                PWM3_IRQHandler
                0x000000000000055c                __init_end__ = (__init_start__ + SIZEOF (.init))
                0x0000000000000464                __init_size__ = SIZEOF (.init)
                0x000000000000055c                __init_load_end__ = __init_end__
                0x0000000000000001                . = ASSERT (((__init_start__ == __init_end__) || ((__init_end__ - __FLASH_segment_start__) <= __FLASH_segment_size__)), error: .init is too large to fit in FLASH memory segment)
                0x000000000000055c                __init_rodata_load_start__ = ALIGN (__init_end__, 0x4)

.init_rodata    0x000000000000055c        0x0
                0x000000000000055c                __init_rodata_start__ = .
 *(.init_rodata .init_rodata.*)
                0x000000000000055c                __init_rodata_end__ = (__init_rodata_start__ + SIZEOF (.init_rodata))
                0x0000000000000000                __init_rodata_size__ = SIZEOF (.init_rodata)
                0x000000000000055c                __init_rodata_load_end__ = __init_rodata_end__
                0x0000000000000001                . = ASSERT (((__init_rodata_start__ == __init_rodata_end__) || ((__init_rodata_end__ - __FLASH_segment_start__) <= __FLASH_segment_size__)), error: .init_rodata is too large to fit in FLASH memory segment)
                0x000000000000055c                __text_load_start__ = ALIGN (__init_rodata_end__, 0x4)

.text           0x000000000000055c     0x4214
                0x000000000000055c                __text_start__ = .
 *(.text .text.* .glue_7t .glue_7 .gnu.linkonce.t.* .gcc_except_table .ARM.extab* .gnu.linkonce.armextab.*)
 .glue_7        0x000000000000055c        0x0 linker stubs
 .glue_7t       0x000000000000055c        0x0 linker stubs
 .text.main     0x000000000000055c      0x428 Output/Debug/Obj/Tutorial/main.o
                0x000000000000055c                main
 .text.__assert
                0x0000000000000984        0x2 Output/Debug/Obj/Tutorial/thumb_crt0.o
                0x0000000000000984                __assert
 .text.__putchar
                0x0000000000000986        0x4 Output/Debug/Obj/Tutorial/thumb_crt0.o
                0x0000000000000986                __putchar
 *fill*         0x000000000000098a        0x2 
 .text.gpi_milli_sleep
                0x000000000000098c       0x2c Output/Debug/Obj/Tutorial/gpi.o
                0x000000000000098c                gpi_milli_sleep
 .text.gpi_radio_get_mode
                0x00000000000009b8       0x40 Output/Debug/Obj/Tutorial/gpi.o
                0x00000000000009b8                gpi_radio_get_mode
 .text.gpi_radio_dbm_to_power_level
                0x00000000000009f8       0x8c Output/Debug/Obj/Tutorial/gpi.o
                0x00000000000009f8                gpi_radio_dbm_to_power_level
 .text.gpi_radio_set_tx_power
                0x0000000000000a84       0x10 Output/Debug/Obj/Tutorial/gpi.o
                0x0000000000000a84                gpi_radio_set_tx_power
 .text.gpi_radio_set_channel
                0x0000000000000a94       0xcc Output/Debug/Obj/Tutorial/gpi.o
                0x0000000000000a94                gpi_radio_set_channel
 .text.gpi_radio_init
                0x0000000000000b60      0x154 Output/Debug/Obj/Tutorial/gpi.o
                0x0000000000000b60                gpi_radio_init
 .text.gpi_platform_init
                0x0000000000000cb4      0x1e0 Output/Debug/Obj/Tutorial/gpi.o
                0x0000000000000cb4                gpi_platform_init
 .text.gpi_sleep
                0x0000000000000e94       0x18 Output/Debug/Obj/Tutorial/gpi.o
                0x0000000000000e94                gpi_sleep
 .text.debug_putchar
                0x0000000000000eac       0x98 Output/Debug/Obj/Tutorial/gpi.o
                0x0000000000000eac                debug_putchar
 .text.mixer_init
                0x0000000000000f44       0xfc Output/Debug/Obj/Tutorial/mixer.o
                0x0000000000000f44                mixer_init
 .text.mixer_print_config
                0x0000000000001040      0x15c Output/Debug/Obj/Tutorial/mixer.o
                0x0000000000001040                mixer_print_config
 .text.mixer_write
                0x000000000000119c       0xdc Output/Debug/Obj/Tutorial/mixer.o
                0x000000000000119c                mixer_write
 .text.mixer_arm
                0x0000000000001278       0xa4 Output/Debug/Obj/Tutorial/mixer.o
                0x0000000000001278                mixer_arm
 .text.mixer_start
                0x000000000000131c       0xbc Output/Debug/Obj/Tutorial/mixer.o
                0x000000000000131c                mixer_start
 .text.mixer_print_statistics
                0x00000000000013d8      0x194 Output/Debug/Obj/Tutorial/mixer.o
                0x00000000000013d8                mixer_print_statistics
 .text.mixer_read
                0x000000000000156c       0x9c Output/Debug/Obj/Tutorial/mixer.o
                0x000000000000156c                mixer_read
 .text.mixer_stat_slot
                0x0000000000001608       0x34 Output/Debug/Obj/Tutorial/mixer.o
                0x0000000000001608                mixer_stat_slot
 .text.append_node
                0x000000000000163c       0x50 Output/Debug/Obj/Tutorial/mixer_history.o
 .text.unlink_node
                0x000000000000168c       0x74 Output/Debug/Obj/Tutorial/mixer_history.o
 .text.mx_init_history
                0x0000000000001700       0x70 Output/Debug/Obj/Tutorial/mixer_history.o
                0x0000000000001700                mx_init_history
 .text.mx_update_history
                0x0000000000001770       0x6c Output/Debug/Obj/Tutorial/mixer_history.o
                0x0000000000001770                mx_update_history
 .text.mx_purge_history
                0x00000000000017dc       0xa0 Output/Debug/Obj/Tutorial/mixer_history.o
                0x00000000000017dc                mx_purge_history
 .text.mx_clear_full_rank_map
                0x000000000000187c       0x14 Output/Debug/Obj/Tutorial/mixer_processing.o
                0x000000000000187c                mx_clear_full_rank_map
 .text.update_full_rank_map
                0x0000000000001890      0x158 Output/Debug/Obj/Tutorial/mixer_processing.o
 .text.mixer_update_slot
                0x00000000000019e8      0x968 Output/Debug/Obj/Tutorial/mixer_processing.o
                0x00000000000019e8                mixer_update_slot
 .text.mixer_decode
                0x0000000000002350      0x26c Output/Debug/Obj/Tutorial/mixer_processing.o
                0x0000000000002350                mixer_decode
 .text.mixer_process_rx_data
                0x00000000000025bc      0x510 Output/Debug/Obj/Tutorial/mixer_processing.o
                0x00000000000025bc                mixer_process_rx_data
 .text.mixer_maintenance
                0x0000000000002acc      0x134 Output/Debug/Obj/Tutorial/mixer_processing.o
                0x0000000000002acc                mixer_maintenance
 .text.mixer_rand_seed
                0x0000000000002c00        0xc Output/Debug/Obj/Tutorial/mixer_rand.o
                0x0000000000002c00                mixer_rand_seed
 .text.mixer_rand
                0x0000000000002c0c       0x1c Output/Debug/Obj/Tutorial/mixer_rand.o
                0x0000000000002c0c                mixer_rand
 .text.mx_request_clear
                0x0000000000002c28       0x3c Output/Debug/Obj/Tutorial/mixer_request.o
                0x0000000000002c28                mx_request_clear
 .text.mx_update_request
                0x0000000000002c64      0x138 Output/Debug/Obj/Tutorial/mixer_request.o
                0x0000000000002c64                mx_update_request
 .text.mx_get_leading_index
                0x0000000000002d9c       0x24 Output/Debug/Obj/Tutorial/mixer_internal.o
                0x0000000000002d9c                mx_get_leading_index
 .text.start_grid_timer
                0x0000000000002dc0       0x84 Output/Debug/Obj/Tutorial/mixer_transport.o
 .text.RADIO_IRQHandler_
                0x0000000000002e44      0x3fc Output/Debug/Obj/Tutorial/mixer_transport.o
                0x0000000000002e44                RADIO_IRQHandler_
 .text.RADIO_IRQHandler
                0x0000000000003240       0x4c Output/Debug/Obj/Tutorial/mixer_transport.o
                0x0000000000003240                RADIO_IRQHandler
 .text.TIMER0_IRQHandler
                0x000000000000328c       0x20 Output/Debug/Obj/Tutorial/mixer_transport.o
                0x000000000000328c                TIMER0_IRQHandler
 .text.timeout_isr_
                0x00000000000032ac      0x15c Output/Debug/Obj/Tutorial/mixer_transport.o
                0x00000000000032ac                timeout_isr_
 .text.timeout_isr
                0x0000000000003408       0x4c Output/Debug/Obj/Tutorial/mixer_transport.o
                0x0000000000003408                timeout_isr
 .text.grid_timer_isr_
                0x0000000000003454      0x718 Output/Debug/Obj/Tutorial/mixer_transport.o
                0x0000000000003454                grid_timer_isr_
 .text.grid_timer_isr
                0x0000000000003b6c       0x4c Output/Debug/Obj/Tutorial/mixer_transport.o
                0x0000000000003b6c                grid_timer_isr
 .text.mixer_transport_init
                0x0000000000003bb8       0x94 Output/Debug/Obj/Tutorial/mixer_transport.o
                0x0000000000003bb8                mixer_transport_init
 .text.mixer_transport_print_config
                0x0000000000003c4c       0xec Output/Debug/Obj/Tutorial/mixer_transport.o
                0x0000000000003c4c                mixer_transport_print_config
 .text.mixer_transport_arm_initiator
                0x0000000000003d38       0x1c Output/Debug/Obj/Tutorial/mixer_transport.o
                0x0000000000003d38                mixer_transport_arm_initiator
 .text.mixer_transport_start
                0x0000000000003d54       0xbc Output/Debug/Obj/Tutorial/mixer_transport.o
                0x0000000000003d54                mixer_transport_start
 .text.mixer_transport_set_next_slot_task
                0x0000000000003e10       0xa0 Output/Debug/Obj/Tutorial/mixer_transport.o
                0x0000000000003e10                mixer_transport_set_next_slot_task
 .text.mixer_transport_get_next_slot_task
                0x0000000000003eb0        0xc Output/Debug/Obj/Tutorial/mixer_transport.o
                0x0000000000003eb0                mixer_transport_get_next_slot_task
 .text.libc.__putc
                0x0000000000003ebc       0x34 C:/Program Files/SEGGER/SEGGER Embedded Studio for ARM 5.68/lib/libc_v7em_fpv4_sp_d16_hard_t_le_eabi.a(libc2.o)
                0x0000000000003ebc                __putc
 .text.libc.__RAL_print_padding
                0x0000000000003ef0       0x54 C:/Program Files/SEGGER/SEGGER Embedded Studio for ARM 5.68/lib/libc_v7em_fpv4_sp_d16_hard_t_le_eabi.a(libc2.o)
                0x0000000000003ef0                __RAL_print_padding
 .text.libc.__RAL_pre_padding
                0x0000000000003f44       0x64 C:/Program Files/SEGGER/SEGGER Embedded Studio for ARM 5.68/lib/libc_v7em_fpv4_sp_d16_hard_t_le_eabi.a(libc2.o)
                0x0000000000003f44                __RAL_pre_padding
 .text.libc.printf
                0x0000000000003fa8       0x44 C:/Program Files/SEGGER/SEGGER Embedded Studio for ARM 5.68/lib/libc_v7em_fpv4_sp_d16_hard_t_le_eabi.a(libc2.o)
                0x0000000000003fa8                printf
 .text.libc.puts
                0x0000000000003fec       0x34 C:/Program Files/SEGGER/SEGGER Embedded Studio for ARM 5.68/lib/libc_v7em_fpv4_sp_d16_hard_t_le_eabi.a(libc2.o)
                0x0000000000003fec                puts
 .text.libc.strnlen
                0x0000000000004020       0x28 C:/Program Files/SEGGER/SEGGER Embedded Studio for ARM 5.68/lib/libc_v7em_fpv4_sp_d16_hard_t_le_eabi.a(libc2.o)
                0x0000000000004020                strnlen
 .text.libc.memcpy
                0x0000000000004048       0x52 C:/Program Files/SEGGER/SEGGER Embedded Studio for ARM 5.68/lib/libc_v7em_fpv4_sp_d16_hard_t_le_eabi.a(libc2_asm.o)
                0x0000000000004048                __aeabi_memcpy
                0x0000000000004048                memcpy
                0x0000000000004054                __aeabi_memcpy8
                0x0000000000004054                __aeabi_memcpy4
 .text.libc.memset
                0x000000000000409a       0x66 C:/Program Files/SEGGER/SEGGER Embedded Studio for ARM 5.68/lib/libc_v7em_fpv4_sp_d16_hard_t_le_eabi.a(libc2_asm.o)
                0x000000000000409a                memset
 .text.libc.strlen
                0x0000000000004100       0x60 C:/Program Files/SEGGER/SEGGER Embedded Studio for ARM 5.68/lib/libc_v7em_fpv4_sp_d16_hard_t_le_eabi.a(libc2_asm.o)
                0x0000000000004100                strlen
 .text.libc.__vfprintf_long
                0x0000000000004160      0x5fc C:/Program Files/SEGGER/SEGGER Embedded Studio for ARM 5.68/lib/libc_v7em_fpv4_sp_d16_hard_t_le_eabi.a(libvfprintf.o)
                0x0000000000004160                __vfprintf_long
 .text.libc.__printf_lock
                0x000000000000475c        0x4 C:/Program Files/SEGGER/SEGGER Embedded Studio for ARM 5.68/lib/libc_v7em_fpv4_sp_d16_hard_t_le_eabi.a(libc.o)
                0x000000000000475c                __printf_lock
 .text.libc.__printf_unlock
                0x0000000000004760        0x4 C:/Program Files/SEGGER/SEGGER Embedded Studio for ARM 5.68/lib/libc_v7em_fpv4_sp_d16_hard_t_le_eabi.a(libc.o)
                0x0000000000004760                __printf_unlock
 *fill*         0x0000000000004764        0x4 
 .text.libc.__printf_unlock.__stub
                0x0000000000004768        0x8 linker stubs
                0x0000000000004770                __text_end__ = (__text_start__ + SIZEOF (.text))
                0x0000000000004214                __text_size__ = SIZEOF (.text)
                0x0000000000004770                __text_load_end__ = __text_end__

.vfp11_veneer   0x0000000100000000        0x0
 .vfp11_veneer  0x0000000100000000        0x0 linker stubs

.v4_bx          0x0000000100000000        0x0
 .v4_bx         0x0000000100000000        0x0 linker stubs

.iplt           0x0000000100000000        0x0
 .iplt          0x0000000100000000        0x0 Output/Debug/Obj/Tutorial/system_nrf52840.o
                0x0000000000000001                . = ASSERT (((__text_start__ == __text_end__) || ((__text_end__ - __FLASH_segment_start__) <= __FLASH_segment_size__)), error: .text is too large to fit in FLASH memory segment)
                0x0000000000004770                __dtors_load_start__ = ALIGN (__text_end__, 0x4)

.dtors          0x0000000000004770        0x0
                0x0000000000004770                __dtors_start__ = .
 *(SORT_BY_NAME(.dtors.*))
 *(.dtors)
 *(.fini_array)
 *(SORT_BY_NAME(.fini_array.*))
                0x0000000000004770                __dtors_end__ = (__dtors_start__ + SIZEOF (.dtors))
                0x0000000000000000                __dtors_size__ = SIZEOF (.dtors)
                0x0000000000004770                __dtors_load_end__ = __dtors_end__
                0x0000000000000001                . = ASSERT (((__dtors_start__ == __dtors_end__) || ((__dtors_end__ - __FLASH_segment_start__) <= __FLASH_segment_size__)), error: .dtors is too large to fit in FLASH memory segment)
                0x0000000000004770                __ctors_load_start__ = ALIGN (__dtors_end__, 0x4)

.ctors          0x0000000000004770        0x0
                0x0000000000004770                __ctors_start__ = .
 *(SORT_BY_NAME(.ctors.*))
 *(.ctors)
 *(.init_array)
 *(SORT_BY_NAME(.init_array.*))
                0x0000000000004770                __ctors_end__ = (__ctors_start__ + SIZEOF (.ctors))
                0x0000000000000000                __ctors_size__ = SIZEOF (.ctors)
                0x0000000000004770                __ctors_load_end__ = __ctors_end__
                0x0000000000000001                . = ASSERT (((__ctors_start__ == __ctors_end__) || ((__ctors_end__ - __FLASH_segment_start__) <= __FLASH_segment_size__)), error: .ctors is too large to fit in FLASH memory segment)
                0x0000000000004770                __rodata_load_start__ = ALIGN (__ctors_end__, 0x4)

.rodata         0x0000000000004770      0xe6f
                0x0000000000004770                __rodata_start__ = .
 *(.rodata .rodata.* .gnu.linkonce.r.*)
 .rodata.main.str1.4
                0x0000000000004770      0x1ba Output/Debug/Obj/Tutorial/main.o
                                        0x1be (size before relaxing)
 *fill*         0x000000000000492a        0x2 
 .rodata.payload_distribution
                0x000000000000492c        0x8 Output/Debug/Obj/Tutorial/main.o
 .rodata.gpi_radio_set_channel.str1.4
                0x0000000000004934       0x7e Output/Debug/Obj/Tutorial/gpi.o
 *fill*         0x00000000000049b2        0x2 
 .rodata.debug_putchar.str1.4
                0x00000000000049b4       0x88 Output/Debug/Obj/Tutorial/gpi.o
 .rodata.gpi_popcnt_lut
                0x0000000000004a3c      0x100 Output/Debug/Obj/Tutorial/gpi.o
                0x0000000000004a3c                gpi_popcnt_lut
 .rodata.mixer_init.str1.4
                0x0000000000004b3c      0x11d Output/Debug/Obj/Tutorial/mixer.o
 *fill*         0x0000000000004c59        0x3 
 .rodata.mixer_print_config.str1.4
                0x0000000000004c5c      0x20a Output/Debug/Obj/Tutorial/mixer.o
 *fill*         0x0000000000004e66        0x2 
 .rodata.mixer_write.str1.4
                0x0000000000004e68      0x125 Output/Debug/Obj/Tutorial/mixer.o
 *fill*         0x0000000000004f8d        0x3 
 .rodata.mixer_arm.str1.4
                0x0000000000004f90       0x16 Output/Debug/Obj/Tutorial/mixer.o
 *fill*         0x0000000000004fa6        0x2 
 .rodata.mixer_print_statistics.str1.4
                0x0000000000004fa8      0x27f Output/Debug/Obj/Tutorial/mixer.o
 *fill*         0x0000000000005227        0x1 
 .rodata.MX_DISCOVERY_EXIT_SLOT_LUT_2
                0x0000000000005228        0x2 Output/Debug/Obj/Tutorial/mixer_discovery.o
                0x0000000000005228                MX_DISCOVERY_EXIT_SLOT_LUT_2
 *fill*         0x000000000000522a        0x2 
 .rodata.unlink_node.str1.4
                0x000000000000522c       0x71 Output/Debug/Obj/Tutorial/mixer_history.o
 *fill*         0x000000000000529d        0x3 
 .rodata.mixer_update_slot.str1.4
                0x00000000000052a0       0xd4 Output/Debug/Obj/Tutorial/mixer_processing.o
 .rodata.mixer_process_rx_data.str1.4
                0x0000000000005374       0x42 Output/Debug/Obj/Tutorial/mixer_processing.o
 *fill*         0x00000000000053b6        0x2 
 .rodata.LUT.6  0x00000000000053b8       0x20 Output/Debug/Obj/Tutorial/mixer_processing.o
 .rodata.grid_timer_isr_.str1.4
                0x00000000000053d8       0x57 Output/Debug/Obj/Tutorial/mixer_transport.o
                                         0x5a (size before relaxing)
 *fill*         0x000000000000542f        0x1 
 .rodata.mixer_transport_init.str1.4
                0x0000000000005430       0x24 Output/Debug/Obj/Tutorial/mixer_transport.o
 .rodata.mixer_transport_print_config.str1.4
                0x0000000000005454      0x13d Output/Debug/Obj/Tutorial/mixer_transport.o
                                        0x149 (size before relaxing)
 *fill*         0x0000000000005591        0x3 
 .rodata.LUT1.1
                0x0000000000005594       0x1b Output/Debug/Obj/Tutorial/mixer_transport.o
 *fill*         0x00000000000055af        0x1 
 .rodata.LUT2.0
                0x00000000000055b0        0x7 Output/Debug/Obj/Tutorial/mixer_transport.o
 *fill*         0x00000000000055b7        0x1 
 .rodata.libc.__RAL_hex_lc
                0x00000000000055b8       0x10 C:/Program Files/SEGGER/SEGGER Embedded Studio for ARM 5.68/lib/libc_v7em_fpv4_sp_d16_hard_t_le_eabi.a(libc2.o)
                0x00000000000055b8                __RAL_hex_lc
 .rodata.libc.__RAL_hex_uc
                0x00000000000055c8       0x10 C:/Program Files/SEGGER/SEGGER Embedded Studio for ARM 5.68/lib/libc_v7em_fpv4_sp_d16_hard_t_le_eabi.a(libc2.o)
                0x00000000000055c8                __RAL_hex_uc
 .rodata.libc.__vfprintf_int.str1.4
                0x00000000000055d8        0x7 C:/Program Files/SEGGER/SEGGER Embedded Studio for ARM 5.68/lib/libc_v7em_fpv4_sp_d16_hard_t_le_eabi.a(libvfprintf.o)
                0x00000000000055df                __rodata_end__ = (__rodata_start__ + SIZEOF (.rodata))
                0x0000000000000e6f                __rodata_size__ = SIZEOF (.rodata)
                0x00000000000055df                __rodata_load_end__ = __rodata_end__

.rel.dyn        0x0000000000000000        0x0
 .rel.iplt      0x0000000000000000        0x0 Output/Debug/Obj/Tutorial/system_nrf52840.o
                0x0000000000000001                . = ASSERT (((__rodata_start__ == __rodata_end__) || ((__rodata_end__ - __FLASH_segment_start__) <= __FLASH_segment_size__)), error: .rodata is too large to fit in FLASH memory segment)
                0x00000000000055e0                __ARM.exidx_load_start__ = ALIGN (__rodata_end__, 0x4)

.ARM.exidx      0x00000000000055e0        0x0
                0x00000000000055e0                __ARM.exidx_start__ = .
                0x00000000000055e0                __exidx_start = __ARM.exidx_start__
 *(.ARM.exidx .ARM.exidx.*)
                0x00000000000055e0                __ARM.exidx_end__ = (__ARM.exidx_start__ + SIZEOF (.ARM.exidx))
                0x0000000000000000                __ARM.exidx_size__ = SIZEOF (.ARM.exidx)
                0x00000000000055e0                __exidx_end = __ARM.exidx_end__
                0x00000000000055e0                __ARM.exidx_load_end__ = __ARM.exidx_end__
                0x0000000000000001                . = ASSERT (((__ARM.exidx_start__ == __ARM.exidx_end__) || ((__ARM.exidx_end__ - __FLASH_segment_start__) <= __FLASH_segment_size__)), error: .ARM.exidx is too large to fit in FLASH memory segment)
                0x00000000000055e0                __fast_load_start__ = ALIGN (__ARM.exidx_end__, 0x4)

.fast           0x0000000020000000        0x0 load address 0x00000000000055e0
                0x0000000020000000                __fast_start__ = .
 *(.fast .fast.*)
                0x0000000020000000                __fast_end__ = (__fast_start__ + SIZEOF (.fast))
                0x0000000000000000                __fast_size__ = SIZEOF (.fast)
                0x00000000000055e0                __fast_load_end__ = (__fast_load_start__ + SIZEOF (.fast))
                0x0000000000000001                . = ASSERT (((__fast_load_start__ == __fast_load_end__) || ((__fast_load_end__ - __FLASH_segment_start__) <= __FLASH_segment_size__)), error: .fast is too large to fit in FLASH memory segment)

.fast_run       0x0000000020000000        0x0
                0x0000000020000000                __fast_run_start__ = .
                0x0000000020000000                __fast_run_end__ = (__fast_run_start__ + SIZEOF (.fast))
                0x0000000000000000                __fast_run_size__ = (__fast_run_end__ - __fast_run_start__)
                0x0000000020000000                __fast_run_load_end__ = __fast_run_end__
                0x0000000000000001                . = ASSERT (((__fast_run_start__ == __fast_run_end__) || ((__fast_run_end__ - __RAM_segment_start__) <= __RAM_segment_size__)), error: .fast_run is too large to fit in RAM memory segment)
                0x00000000000055e0                __data_load_start__ = ALIGN ((__fast_load_start__ + SIZEOF (.fast)), 0x4)

.data           0x0000000020000000       0x6a load address 0x00000000000055e0
                0x0000000020000000                __data_start__ = .
 *(.data .data.* .gnu.linkonce.d.*)
 .data.SystemCoreClock
                0x0000000020000000        0x4 Output/Debug/Obj/Tutorial/system_nrf52840.o
                0x0000000020000000                SystemCoreClock
 .data          0x0000000020000004        0x2 Output/Debug/Obj/Tutorial/main.o
                0x0000000020000004                TOS_NODE_ID
 *fill*         0x0000000020000006        0x2 
 .data.rand_state
                0x0000000020000008        0x4 Output/Debug/Obj/Tutorial/mixer_rand.o
 .data          0x000000002000000c       0x5e Output/Debug/Obj/Tutorial/memxor.o
                0x000000002000000c                memxor_block_core
                0x000000002000006a                __data_end__ = (__data_start__ + SIZEOF (.data))
                0x000000000000006a                __data_size__ = SIZEOF (.data)
                0x000000000000564a                __data_load_end__ = (__data_load_start__ + SIZEOF (.data))

.igot.plt       0x0000000100000000        0x0
 .igot.plt      0x0000000100000000        0x0 Output/Debug/Obj/Tutorial/system_nrf52840.o
                0x0000000000000001                . = ASSERT (((__data_load_start__ == __data_load_end__) || ((__data_load_end__ - __FLASH_segment_start__) <= __FLASH_segment_size__)), error: .data is too large to fit in FLASH memory segment)

.data_run       0x0000000020000000        0x0
                0x0000000020000000                __data_run_start__ = .
                0x000000002000006a                __data_run_end__ = (__data_run_start__ + SIZEOF (.data))
                0x000000000000006a                __data_run_size__ = (__data_run_end__ - __data_run_start__)
                0x000000002000006a                __data_run_load_end__ = __data_run_end__
                0x0000000000000001                . = ASSERT (((__data_run_start__ == __data_run_end__) || ((__data_run_end__ - __RAM_segment_start__) <= __RAM_segment_size__)), error: .data_run is too large to fit in RAM memory segment)
                0x000000002000006c                __bss_load_start__ = ALIGN (__data_run_end__, 0x4)

.bss            0x000000002000006c      0x2c4
                0x000000002000006c                __bss_start__ = .
 *(.bss .bss.* .gnu.linkonce.b.*)
 .bss.msgs_decoded
                0x000000002000006c        0x4 Output/Debug/Obj/Tutorial/main.o
 .bss.msgs_not_decoded
                0x0000000020000070        0x4 Output/Debug/Obj/Tutorial/main.o
 .bss.msgs_weak
                0x0000000020000074        0x4 Output/Debug/Obj/Tutorial/main.o
 .bss.msgs_wrong
                0x0000000020000078        0x4 Output/Debug/Obj/Tutorial/main.o
 .bss.node_id   0x000000002000007c        0x1 Output/Debug/Obj/Tutorial/main.o
 *fill*         0x000000002000007d        0x3 
 .bss.round     0x0000000020000080        0x4 Output/Debug/Obj/Tutorial/main.o
 .bss.gpi_wakeup_event
                0x0000000020000084        0x4 Output/Debug/Obj/Tutorial/gpi.o
                0x0000000020000084                gpi_wakeup_event
 .bss.mx        0x0000000020000088      0x240 Output/Debug/Obj/Tutorial/mixer.o
                0x0000000020000088                mx
 .bss.i.0       0x00000000200002c8        0x4 Output/Debug/Obj/Tutorial/mixer_processing.o
 .bss.last_owner_update.8
                0x00000000200002cc        0x2 Output/Debug/Obj/Tutorial/mixer_processing.o
 .bss.owner.9   0x00000000200002ce        0x2 Output/Debug/Obj/Tutorial/mixer_processing.o
 .bss.owner_forecast.7
                0x00000000200002d0        0x2 Output/Debug/Obj/Tutorial/mixer_processing.o
 *fill*         0x00000000200002d2        0x2 
 .bss.p.2       0x00000000200002d4        0x4 Output/Debug/Obj/Tutorial/mixer_processing.o
 .bss.pt_data   0x00000000200002d8        0x6 Output/Debug/Obj/Tutorial/mixer_processing.o
                0x00000000200002d8                pt_data
 *fill*         0x00000000200002de        0x2 
 .bss.pt_decode.1
                0x00000000200002e0        0x2 Output/Debug/Obj/Tutorial/mixer_processing.o
 *fill*         0x00000000200002e2        0x2 
 .bss.rx_queue_num_read_update
                0x00000000200002e4        0x4 Output/Debug/Obj/Tutorial/mixer_processing.o
 .bss.s         0x00000000200002e8       0x44 Output/Debug/Obj/Tutorial/mixer_transport.o
 .bss.libc.__user_format_extender
                0x000000002000032c        0x4 C:/Program Files/SEGGER/SEGGER Embedded Studio for ARM 5.68/lib/libc_v7em_fpv4_sp_d16_hard_t_le_eabi.a(libc2.o)
                0x000000002000032c                __user_format_extender
 *(COMMON)
                0x0000000020000330                __bss_end__ = (__bss_start__ + SIZEOF (.bss))
                0x00000000000002c4                __bss_size__ = SIZEOF (.bss)
                0x0000000020000330                __bss_load_end__ = __bss_end__
                0x0000000000000001                . = ASSERT (((__bss_start__ == __bss_end__) || ((__bss_end__ - __RAM_segment_start__) <= __RAM_segment_size__)), error: .bss is too large to fit in RAM memory segment)
                0x0000000020000330                __tbss_load_start__ = ALIGN (__bss_end__, 0x4)

.tbss           0x0000000020000330        0x0
                0x0000000020000330                __tbss_start__ = .
 *(.tbss .tbss.*)
                0x0000000020000330                __tbss_end__ = (__tbss_start__ + SIZEOF (.tbss))
                0x0000000000000000                __tbss_size__ = SIZEOF (.tbss)
                0x0000000020000330                __tbss_load_end__ = __tbss_end__
                0x0000000000000001                . = ASSERT (((__tbss_start__ == __tbss_end__) || ((__tbss_end__ - __RAM_segment_start__) <= __RAM_segment_size__)), error: .tbss is too large to fit in RAM memory segment)
                0x000000000000564c                __tdata_load_start__ = ALIGN ((__data_load_start__ + SIZEOF (.data)), 0x4)

.tdata          0x0000000020000330        0x0 load address 0x000000000000564c
                0x0000000020000330                __tdata_start__ = .
 *(.tdata .tdata.*)
                0x0000000020000330                __tdata_end__ = (__tdata_start__ + SIZEOF (.tdata))
                0x0000000000000000                __tdata_size__ = SIZEOF (.tdata)
                0x000000000000564c                __tdata_load_end__ = (__tdata_load_start__ + SIZEOF (.tdata))
                0x000000000000564c                __FLASH_segment_used_end__ = (ALIGN ((__data_load_start__ + SIZEOF (.data)), 0x4) + SIZEOF (.tdata))
                0x000000000000564c                __FLASH_segment_used_size__ = (__FLASH_segment_used_end__ - __FLASH_segment_start__)
                0x0000000000000001                . = ASSERT (((__tdata_load_start__ == __tdata_load_end__) || ((__tdata_load_end__ - __FLASH_segment_start__) <= __FLASH_segment_size__)), error: .tdata is too large to fit in FLASH memory segment)

.tdata_run      0x0000000020000330        0x0
                0x0000000020000330                __tdata_run_start__ = .
                0x0000000020000330                __tdata_run_end__ = (__tdata_run_start__ + SIZEOF (.tdata))
                0x0000000000000000                __tdata_run_size__ = (__tdata_run_end__ - __tdata_run_start__)
                0x0000000020000330                __tdata_run_load_end__ = __tdata_run_end__
                0x0000000000000001                . = ASSERT (((__tdata_run_start__ == __tdata_run_end__) || ((__tdata_run_end__ - __RAM_segment_start__) <= __RAM_segment_size__)), error: .tdata_run is too large to fit in RAM memory segment)
                0x0000000020000330                __non_init_load_start__ = ALIGN (__tdata_run_end__, 0x4)

.non_init       0x0000000020000330        0x0
                0x0000000020000330                __non_init_start__ = .
 *(.non_init .non_init.*)
                0x0000000020000330                __non_init_end__ = (__non_init_start__ + SIZEOF (.non_init))
                0x0000000000000000                __non_init_size__ = SIZEOF (.non_init)
                0x0000000020000330                __non_init_load_end__ = __non_init_end__
                0x0000000000000001                . = ASSERT (((__non_init_start__ == __non_init_end__) || ((__non_init_end__ - __RAM_segment_start__) <= __RAM_segment_size__)), error: .non_init is too large to fit in RAM memory segment)
                0x0000000020000330                __heap_load_start__ = ALIGN (__non_init_end__, 0x4)

.heap           0x0000000020000330      0x100
                0x0000000020000330                __heap_start__ = .
 *(.heap .heap.*)
                0x0000000020000430                . = ALIGN (MAX ((__heap_start__ + __HEAPSIZE__), .), 0x4)
 *fill*         0x0000000020000330      0x100 
                0x0000000020000430                __heap_end__ = (__heap_start__ + SIZEOF (.heap))
                0x0000000000000100                __heap_size__ = SIZEOF (.heap)
                0x0000000020000430                __heap_load_end__ = __heap_end__
                0x0000000000000001                . = ASSERT (((__heap_start__ == __heap_end__) || ((__heap_end__ - __RAM_segment_start__) <= __RAM_segment_size__)), error: .heap is too large to fit in RAM memory segment)
                0x000000002003ff00                __stack_load_start__ = (__RAM_segment_start__ + (__RAM_segment_size__ - 0x100))

.stack          0x000000002003ff00      0x100
                0x000000002003ff00                __stack_start__ = .
 *(.stack .stack.*)
                0x0000000020040000                . = ALIGN (MAX ((__stack_start__ + __STACKSIZE__), .), 0x8)
 *fill*         0x000000002003ff00      0x100 
                0x0000000020040000                __stack_end__ = (__stack_start__ + SIZEOF (.stack))
                0x0000000000000100                __stack_size__ = SIZEOF (.stack)
                0x0000000020040000                __stack_load_end__ = __stack_end__
                0x0000000000000001                . = ASSERT (((__stack_start__ == __stack_end__) || ((__stack_end__ - __RAM_segment_start__) <= __RAM_segment_size__)), error: .stack is too large to fit in RAM memory segment)
                0x0000000000000001                . = ASSERT ((__heap_end__ <= __stack_start__), error: section .heap overlaps absolute placed section .stack)
                0x0000000020040000                __stack_process_load_start__ = ALIGN (__stack_end__, 0x8)

.stack_process  0x0000000020040000        0x0
                0x0000000020040000                __stack_process_start__ = .
 *(.stack_process .stack_process.*)
                0x0000000020040000                . = ALIGN (MAX ((__stack_process_start__ + __STACKSIZE_PROCESS__), .), 0x8)
                0x0000000020040000                __stack_process_end__ = (__stack_process_start__ + SIZEOF (.stack_process))
                0x0000000000000000                __stack_process_size__ = SIZEOF (.stack_process)
                0x0000000020040000                __stack_process_load_end__ = __stack_process_end__
                0x0000000020040000                __RAM_segment_used_end__ = (ALIGN (__stack_end__, 0x8) + SIZEOF (.stack_process))
                0x0000000000040000                __RAM_segment_used_size__ = (__RAM_segment_used_end__ - __RAM_segment_start__)
                0x0000000000000001                . = ASSERT (((__stack_process_start__ == __stack_process_end__) || ((__stack_process_end__ - __RAM_segment_start__) <= __RAM_segment_size__)), error: .stack_process is too large to fit in RAM memory segment)
START GROUP
LOAD Output/Debug/Obj/Tutorial/system_nrf52840.o
LOAD Output/Debug/Obj/Tutorial/main.o
LOAD Output/Debug/Obj/Tutorial/thumb_crt0.o
LOAD Output/Debug/Obj/Tutorial/ses_nRF_Startup.o
LOAD Output/Debug/Obj/Tutorial/ses_nrf52840_Vectors.o
LOAD Output/Debug/Obj/Tutorial/gpi.o
LOAD Output/Debug/Obj/Tutorial/mixer.o
LOAD Output/Debug/Obj/Tutorial/mixer_discovery.o
LOAD Output/Debug/Obj/Tutorial/mixer_history.o
LOAD Output/Debug/Obj/Tutorial/mixer_processing.o
LOAD Output/Debug/Obj/Tutorial/mixer_rand.o
LOAD Output/Debug/Obj/Tutorial/mixer_request.o
LOAD Output/Debug/Obj/Tutorial/memxor.o
LOAD Output/Debug/Obj/Tutorial/mixer_internal.o
LOAD Output/Debug/Obj/Tutorial/mixer_transport.o
LOAD C:/Program Files/SEGGER/SEGGER Embedded Studio for ARM 5.68/lib/libm_v7em_fpv4_sp_d16_hard_t_le_eabi.a
LOAD C:/Program Files/SEGGER/SEGGER Embedded Studio for ARM 5.68/lib/libc_v7em_fpv4_sp_d16_hard_t_le_eabi.a
LOAD C:/Program Files/SEGGER/SEGGER Embedded Studio for ARM 5.68/lib/libdebugio_v7em_fpv4_sp_d16_hard_t_le_eabi.a
END GROUP
OUTPUT(Output/Debug/Exe/Tutorial.elf elf32-littlearm)
LOAD linker stubs

.debug_frame    0x0000000000000000      0x838
 .debug_frame   0x0000000000000000       0x30 Output/Debug/Obj/Tutorial/system_nrf52840.o
 .debug_frame   0x0000000000000030       0x40 Output/Debug/Obj/Tutorial/main.o
 .debug_frame   0x0000000000000070      0x224 Output/Debug/Obj/Tutorial/gpi.o
 .debug_frame   0x0000000000000294      0x158 Output/Debug/Obj/Tutorial/mixer.o
 .debug_frame   0x00000000000003ec       0x9c Output/Debug/Obj/Tutorial/mixer_history.o
 .debug_frame   0x0000000000000488      0x148 Output/Debug/Obj/Tutorial/mixer_processing.o
 .debug_frame   0x00000000000005d0       0x30 Output/Debug/Obj/Tutorial/mixer_rand.o
 .debug_frame   0x0000000000000600       0x4c Output/Debug/Obj/Tutorial/mixer_request.o
 .debug_frame   0x000000000000064c       0x3c Output/Debug/Obj/Tutorial/memxor.o
 .debug_frame   0x0000000000000688       0x20 Output/Debug/Obj/Tutorial/mixer_internal.o
 .debug_frame   0x00000000000006a8      0x190 Output/Debug/Obj/Tutorial/mixer_transport.o

.debug_info     0x0000000000000000    0x162a7
 .debug_info    0x0000000000000000     0x142f Output/Debug/Obj/Tutorial/system_nrf52840.o
 .debug_info    0x000000000000142f     0x1172 Output/Debug/Obj/Tutorial/main.o
 .debug_info    0x00000000000025a1       0x22 Output/Debug/Obj/Tutorial/thumb_crt0.o
 .debug_info    0x00000000000025c3       0x23 Output/Debug/Obj/Tutorial/ses_nRF_Startup.o
 .debug_info    0x00000000000025e6       0x23 Output/Debug/Obj/Tutorial/ses_nrf52840_Vectors.o
 .debug_info    0x0000000000002609     0x32a8 Output/Debug/Obj/Tutorial/gpi.o
 .debug_info    0x00000000000058b1     0x1dee Output/Debug/Obj/Tutorial/mixer.o
 .debug_info    0x000000000000769f     0x28e4 Output/Debug/Obj/Tutorial/mixer_discovery.o
 .debug_info    0x0000000000009f83     0x11a7 Output/Debug/Obj/Tutorial/mixer_history.o
 .debug_info    0x000000000000b12a     0x3de6 Output/Debug/Obj/Tutorial/mixer_processing.o
 .debug_info    0x000000000000ef10      0x644 Output/Debug/Obj/Tutorial/mixer_rand.o
 .debug_info    0x000000000000f554     0x13c3 Output/Debug/Obj/Tutorial/mixer_request.o
 .debug_info    0x0000000000010917      0x141 Output/Debug/Obj/Tutorial/memxor.o
 .debug_info    0x0000000000010a58      0x9af Output/Debug/Obj/Tutorial/mixer_internal.o
 .debug_info    0x0000000000011407     0x4ea0 Output/Debug/Obj/Tutorial/mixer_transport.o

.debug_abbrev   0x0000000000000000     0x2cc3
 .debug_abbrev  0x0000000000000000      0x203 Output/Debug/Obj/Tutorial/system_nrf52840.o
 .debug_abbrev  0x0000000000000203      0x3df Output/Debug/Obj/Tutorial/main.o
 .debug_abbrev  0x00000000000005e2       0x12 Output/Debug/Obj/Tutorial/thumb_crt0.o
 .debug_abbrev  0x00000000000005f4       0x14 Output/Debug/Obj/Tutorial/ses_nRF_Startup.o
 .debug_abbrev  0x0000000000000608       0x14 Output/Debug/Obj/Tutorial/ses_nrf52840_Vectors.o
 .debug_abbrev  0x000000000000061c      0x731 Output/Debug/Obj/Tutorial/gpi.o
 .debug_abbrev  0x0000000000000d4d      0x550 Output/Debug/Obj/Tutorial/mixer.o
 .debug_abbrev  0x000000000000129d      0x1a7 Output/Debug/Obj/Tutorial/mixer_discovery.o
 .debug_abbrev  0x0000000000001444      0x332 Output/Debug/Obj/Tutorial/mixer_history.o
 .debug_abbrev  0x0000000000001776      0x66a Output/Debug/Obj/Tutorial/mixer_processing.o
 .debug_abbrev  0x0000000000001de0      0x1a5 Output/Debug/Obj/Tutorial/mixer_rand.o
 .debug_abbrev  0x0000000000001f85      0x3f3 Output/Debug/Obj/Tutorial/mixer_request.o
 .debug_abbrev  0x0000000000002378       0xbb Output/Debug/Obj/Tutorial/memxor.o
 .debug_abbrev  0x0000000000002433      0x26d Output/Debug/Obj/Tutorial/mixer_internal.o
 .debug_abbrev  0x00000000000026a0      0x623 Output/Debug/Obj/Tutorial/mixer_transport.o

.debug_pubnames
                0x0000000000000000     0x4a4e
 .debug_pubnames
                0x0000000000000000       0xe8 Output/Debug/Obj/Tutorial/system_nrf52840.o
 .debug_pubnames
                0x00000000000000e8      0x26c Output/Debug/Obj/Tutorial/main.o
 .debug_pubnames
                0x0000000000000354      0x452 Output/Debug/Obj/Tutorial/gpi.o
 .debug_pubnames
                0x00000000000007a6      0x2cd Output/Debug/Obj/Tutorial/mixer.o
 .debug_pubnames
                0x0000000000000a73     0x236b Output/Debug/Obj/Tutorial/mixer_discovery.o
 .debug_pubnames
                0x0000000000002dde      0x3c3 Output/Debug/Obj/Tutorial/mixer_history.o
 .debug_pubnames
                0x00000000000031a1      0x779 Output/Debug/Obj/Tutorial/mixer_processing.o
 .debug_pubnames
                0x000000000000391a       0xd2 Output/Debug/Obj/Tutorial/mixer_rand.o
 .debug_pubnames
                0x00000000000039ec      0x405 Output/Debug/Obj/Tutorial/mixer_request.o
 .debug_pubnames
                0x0000000000003df1       0x42 Output/Debug/Obj/Tutorial/memxor.o
 .debug_pubnames
                0x0000000000003e33       0xe4 Output/Debug/Obj/Tutorial/mixer_internal.o
 .debug_pubnames
                0x0000000000003f17      0xb37 Output/Debug/Obj/Tutorial/mixer_transport.o

.debug_pubtypes
                0x0000000000000000     0x1d9e
 .debug_pubtypes
                0x0000000000000000      0x1a5 Output/Debug/Obj/Tutorial/system_nrf52840.o
 .debug_pubtypes
                0x00000000000001a5      0x1ed Output/Debug/Obj/Tutorial/main.o
 .debug_pubtypes
                0x0000000000000392      0x413 Output/Debug/Obj/Tutorial/gpi.o
 .debug_pubtypes
                0x00000000000007a5      0x366 Output/Debug/Obj/Tutorial/mixer.o
 .debug_pubtypes
                0x0000000000000b0b      0x135 Output/Debug/Obj/Tutorial/mixer_discovery.o
 .debug_pubtypes
                0x0000000000000c40      0x2dd Output/Debug/Obj/Tutorial/mixer_history.o
 .debug_pubtypes
                0x0000000000000f1d      0x376 Output/Debug/Obj/Tutorial/mixer_processing.o
 .debug_pubtypes
                0x0000000000001293      0x135 Output/Debug/Obj/Tutorial/mixer_rand.o
 .debug_pubtypes
                0x00000000000013c8      0x2ed Output/Debug/Obj/Tutorial/mixer_request.o
 .debug_pubtypes
                0x00000000000016b5       0xc5 Output/Debug/Obj/Tutorial/memxor.o
 .debug_pubtypes
                0x000000000000177a      0x1ad Output/Debug/Obj/Tutorial/mixer_internal.o
 .debug_pubtypes
                0x0000000000001927      0x477 Output/Debug/Obj/Tutorial/mixer_transport.o

.debug_aranges  0x0000000000000000      0x3e8
 .debug_aranges
                0x0000000000000000       0x28 Output/Debug/Obj/Tutorial/system_nrf52840.o
 .debug_aranges
                0x0000000000000028       0x20 Output/Debug/Obj/Tutorial/main.o
 .debug_aranges
                0x0000000000000048       0x80 Output/Debug/Obj/Tutorial/thumb_crt0.o
 .debug_aranges
                0x00000000000000c8       0x20 Output/Debug/Obj/Tutorial/ses_nRF_Startup.o
 .debug_aranges
                0x00000000000000e8       0x20 Output/Debug/Obj/Tutorial/ses_nrf52840_Vectors.o
 .debug_aranges
                0x0000000000000108       0xb0 Output/Debug/Obj/Tutorial/gpi.o
 .debug_aranges
                0x00000000000001b8       0x70 Output/Debug/Obj/Tutorial/mixer.o
 .debug_aranges
                0x0000000000000228       0x18 Output/Debug/Obj/Tutorial/mixer_discovery.o
 .debug_aranges
                0x0000000000000240       0x40 Output/Debug/Obj/Tutorial/mixer_history.o
 .debug_aranges
                0x0000000000000280       0x48 Output/Debug/Obj/Tutorial/mixer_processing.o
 .debug_aranges
                0x00000000000002c8       0x28 Output/Debug/Obj/Tutorial/mixer_rand.o
 .debug_aranges
                0x00000000000002f0       0x28 Output/Debug/Obj/Tutorial/mixer_request.o
 .debug_aranges
                0x0000000000000318       0x28 Output/Debug/Obj/Tutorial/memxor.o
 .debug_aranges
                0x0000000000000340       0x20 Output/Debug/Obj/Tutorial/mixer_internal.o
 .debug_aranges
                0x0000000000000360       0x88 Output/Debug/Obj/Tutorial/mixer_transport.o

.debug_ranges   0x0000000000000000     0x1730
 .debug_ranges  0x0000000000000000       0x30 Output/Debug/Obj/Tutorial/system_nrf52840.o
 .debug_ranges  0x0000000000000030      0x1e8 Output/Debug/Obj/Tutorial/main.o
 .debug_ranges  0x0000000000000218       0x78 Output/Debug/Obj/Tutorial/thumb_crt0.o
 .debug_ranges  0x0000000000000290      0x230 Output/Debug/Obj/Tutorial/gpi.o
 .debug_ranges  0x00000000000004c0      0x1e8 Output/Debug/Obj/Tutorial/mixer.o
 .debug_ranges  0x00000000000006a8       0x48 Output/Debug/Obj/Tutorial/mixer_history.o
 .debug_ranges  0x00000000000006f0      0xaf8 Output/Debug/Obj/Tutorial/mixer_processing.o
 .debug_ranges  0x00000000000011e8       0x18 Output/Debug/Obj/Tutorial/mixer_rand.o
 .debug_ranges  0x0000000000001200       0x98 Output/Debug/Obj/Tutorial/mixer_request.o
 .debug_ranges  0x0000000000001298       0x18 Output/Debug/Obj/Tutorial/memxor.o
 .debug_ranges  0x00000000000012b0       0x40 Output/Debug/Obj/Tutorial/mixer_internal.o
 .debug_ranges  0x00000000000012f0      0x440 Output/Debug/Obj/Tutorial/mixer_transport.o

.debug_macro    0x0000000000000000    0x13db7
 .debug_macro   0x0000000000000000       0xac Output/Debug/Obj/Tutorial/system_nrf52840.o
 .debug_macro   0x00000000000000ac      0xb26 Output/Debug/Obj/Tutorial/system_nrf52840.o
 .debug_macro   0x0000000000000bd2      0x1a3 Output/Debug/Obj/Tutorial/system_nrf52840.o
 .debug_macro   0x0000000000000d75       0x22 Output/Debug/Obj/Tutorial/system_nrf52840.o
 .debug_macro   0x0000000000000d97       0x22 Output/Debug/Obj/Tutorial/system_nrf52840.o
 .debug_macro   0x0000000000000db9       0x2d Output/Debug/Obj/Tutorial/system_nrf52840.o
 .debug_macro   0x0000000000000de6       0x3b Output/Debug/Obj/Tutorial/system_nrf52840.o
 .debug_macro   0x0000000000000e21       0x50 Output/Debug/Obj/Tutorial/system_nrf52840.o
 .debug_macro   0x0000000000000e71      0xe66 Output/Debug/Obj/Tutorial/system_nrf52840.o
 .debug_macro   0x0000000000001cd7      0x3f4 Output/Debug/Obj/Tutorial/system_nrf52840.o
 .debug_macro   0x00000000000020cb     0xece4 Output/Debug/Obj/Tutorial/system_nrf52840.o
 .debug_macro   0x0000000000010daf      0xa48 Output/Debug/Obj/Tutorial/system_nrf52840.o
 .debug_macro   0x00000000000117f7       0xb2 Output/Debug/Obj/Tutorial/system_nrf52840.o
 .debug_macro   0x00000000000118a9       0x22 Output/Debug/Obj/Tutorial/system_nrf52840.o
 .debug_macro   0x00000000000118cb      0x1ee Output/Debug/Obj/Tutorial/main.o
 .debug_macro   0x0000000000011ab9       0x16 Output/Debug/Obj/Tutorial/main.o
 .debug_macro   0x0000000000011acf       0x10 Output/Debug/Obj/Tutorial/main.o
 .debug_macro   0x0000000000011adf       0x89 Output/Debug/Obj/Tutorial/main.o
 .debug_macro   0x0000000000011b68       0x1c Output/Debug/Obj/Tutorial/main.o
 .debug_macro   0x0000000000011b84      0x1e9 Output/Debug/Obj/Tutorial/main.o
 .debug_macro   0x0000000000011d6d      0x2ec Output/Debug/Obj/Tutorial/main.o
 .debug_macro   0x0000000000012059       0x3a Output/Debug/Obj/Tutorial/main.o
 .debug_macro   0x0000000000012093       0x6a Output/Debug/Obj/Tutorial/main.o
 .debug_macro   0x00000000000120fd       0x22 Output/Debug/Obj/Tutorial/main.o
 .debug_macro   0x000000000001211f      0x40b Output/Debug/Obj/Tutorial/main.o
 .debug_macro   0x000000000001252a      0x15e Output/Debug/Obj/Tutorial/main.o
 .debug_macro   0x0000000000012688       0x82 Output/Debug/Obj/Tutorial/main.o
 .debug_macro   0x000000000001270a       0x72 Output/Debug/Obj/Tutorial/main.o
 .debug_macro   0x000000000001277c       0x4c Output/Debug/Obj/Tutorial/main.o
 .debug_macro   0x00000000000127c8       0x17 Output/Debug/Obj/Tutorial/main.o
 .debug_macro   0x00000000000127df       0x2e Output/Debug/Obj/Tutorial/main.o
 .debug_macro   0x000000000001280d       0x2d Output/Debug/Obj/Tutorial/main.o
 .debug_macro   0x000000000001283a       0x22 Output/Debug/Obj/Tutorial/main.o
 .debug_macro   0x000000000001285c      0x244 Output/Debug/Obj/Tutorial/gpi.o
 .debug_macro   0x0000000000012aa0       0x28 Output/Debug/Obj/Tutorial/gpi.o
 .debug_macro   0x0000000000012ac8       0x16 Output/Debug/Obj/Tutorial/gpi.o
 .debug_macro   0x0000000000012ade       0x73 Output/Debug/Obj/Tutorial/gpi.o
 .debug_macro   0x0000000000012b51       0x10 Output/Debug/Obj/Tutorial/gpi.o
 .debug_macro   0x0000000000012b61      0x23e Output/Debug/Obj/Tutorial/mixer.o
 .debug_macro   0x0000000000012d9f       0x22 Output/Debug/Obj/Tutorial/mixer.o
 .debug_macro   0x0000000000012dc1       0x7b Output/Debug/Obj/Tutorial/mixer.o
 .debug_macro   0x0000000000012e3c       0xf1 Output/Debug/Obj/Tutorial/mixer.o
 .debug_macro   0x0000000000012f2d      0x157 Output/Debug/Obj/Tutorial/mixer_discovery.o
 .debug_macro   0x0000000000013084       0x81 Output/Debug/Obj/Tutorial/mixer_discovery.o
 .debug_macro   0x0000000000013105      0x1d3 Output/Debug/Obj/Tutorial/mixer_history.o
 .debug_macro   0x00000000000132d8      0x255 Output/Debug/Obj/Tutorial/mixer_processing.o
 .debug_macro   0x000000000001352d      0x14d Output/Debug/Obj/Tutorial/mixer_rand.o
 .debug_macro   0x000000000001367a      0x1bb Output/Debug/Obj/Tutorial/mixer_request.o
 .debug_macro   0x0000000000013835       0xfe Output/Debug/Obj/Tutorial/memxor.o
 .debug_macro   0x0000000000013933      0x187 Output/Debug/Obj/Tutorial/mixer_internal.o
 .debug_macro   0x0000000000013aba      0x2fd Output/Debug/Obj/Tutorial/mixer_transport.o

.debug_line     0x0000000000000000     0xa6ea
 .debug_line    0x0000000000000000      0x5c9 Output/Debug/Obj/Tutorial/system_nrf52840.o
 .debug_line    0x00000000000005c9      0xaba Output/Debug/Obj/Tutorial/main.o
 .debug_line    0x0000000000001083      0x1de Output/Debug/Obj/Tutorial/thumb_crt0.o
 .debug_line    0x0000000000001261       0x9f Output/Debug/Obj/Tutorial/ses_nRF_Startup.o
 .debug_line    0x0000000000001300       0xc0 Output/Debug/Obj/Tutorial/ses_nrf52840_Vectors.o
 .debug_line    0x00000000000013c0     0x1737 Output/Debug/Obj/Tutorial/gpi.o
 .debug_line    0x0000000000002af7      0xcfe Output/Debug/Obj/Tutorial/mixer.o
 .debug_line    0x00000000000037f5      0x42e Output/Debug/Obj/Tutorial/mixer_discovery.o
 .debug_line    0x0000000000003c23      0x757 Output/Debug/Obj/Tutorial/mixer_history.o
 .debug_line    0x000000000000437a     0x2ba7 Output/Debug/Obj/Tutorial/mixer_processing.o
 .debug_line    0x0000000000006f21      0x466 Output/Debug/Obj/Tutorial/mixer_rand.o
 .debug_line    0x0000000000007387      0x7a3 Output/Debug/Obj/Tutorial/mixer_request.o
 .debug_line    0x0000000000007b2a      0x37a Output/Debug/Obj/Tutorial/memxor.o
 .debug_line    0x0000000000007ea4      0x529 Output/Debug/Obj/Tutorial/mixer_internal.o
 .debug_line    0x00000000000083cd     0x231d Output/Debug/Obj/Tutorial/mixer_transport.o

.debug_str      0x0000000000000000    0x6f6b7
 .debug_str     0x0000000000000000    0x6314b Output/Debug/Obj/Tutorial/system_nrf52840.o
                                      0x63c51 (size before relaxing)
 .debug_str     0x000000000006314b     0x64e3 Output/Debug/Obj/Tutorial/main.o
                                      0x69955 (size before relaxing)
 .debug_str     0x000000000006962e       0x52 Output/Debug/Obj/Tutorial/thumb_crt0.o
                                         0x89 (size before relaxing)
 .debug_str     0x0000000000069680       0x54 Output/Debug/Obj/Tutorial/ses_nRF_Startup.o
                                         0x99 (size before relaxing)
 .debug_str     0x00000000000696d4       0x59 Output/Debug/Obj/Tutorial/ses_nrf52840_Vectors.o
                                         0x9e (size before relaxing)
 .debug_str     0x000000000006972d     0x178c Output/Debug/Obj/Tutorial/gpi.o
                                      0x6afa0 (size before relaxing)
 .debug_str     0x000000000006aeb9     0x1667 Output/Debug/Obj/Tutorial/mixer.o
                                      0x6ad57 (size before relaxing)
 .debug_str     0x000000000006c520     0x1f38 Output/Debug/Obj/Tutorial/mixer_discovery.o
                                      0x69c55 (size before relaxing)
 .debug_str     0x000000000006e458      0x29f Output/Debug/Obj/Tutorial/mixer_history.o
                                      0x6a62a (size before relaxing)
 .debug_str     0x000000000006e6f7      0x3be Output/Debug/Obj/Tutorial/mixer_processing.o
                                      0x6b10a (size before relaxing)
 .debug_str     0x000000000006eab5       0x47 Output/Debug/Obj/Tutorial/mixer_rand.o
                                      0x67da1 (size before relaxing)
 .debug_str     0x000000000006eafc       0x7e Output/Debug/Obj/Tutorial/mixer_request.o
                                      0x6a5bf (size before relaxing)
 .debug_str     0x000000000006eb7a       0x5c Output/Debug/Obj/Tutorial/memxor.o
                                      0x66518 (size before relaxing)
 .debug_str     0x000000000006ebd6       0x49 Output/Debug/Obj/Tutorial/mixer_internal.o
                                      0x68734 (size before relaxing)
 .debug_str     0x000000000006ec1f      0xa98 Output/Debug/Obj/Tutorial/mixer_transport.o
                                      0x6becc (size before relaxing)

.comment        0x0000000000000000       0x3f
 .comment       0x0000000000000000       0x3f Output/Debug/Obj/Tutorial/system_nrf52840.o
                                         0x40 (size before relaxing)
 .comment       0x000000000000003f       0x40 Output/Debug/Obj/Tutorial/main.o
 .comment       0x000000000000003f       0x40 Output/Debug/Obj/Tutorial/gpi.o
 .comment       0x000000000000003f       0x40 Output/Debug/Obj/Tutorial/mixer.o
 .comment       0x000000000000003f       0x40 Output/Debug/Obj/Tutorial/mixer_discovery.o
 .comment       0x000000000000003f       0x40 Output/Debug/Obj/Tutorial/mixer_history.o
 .comment       0x000000000000003f       0x40 Output/Debug/Obj/Tutorial/mixer_processing.o
 .comment       0x000000000000003f       0x40 Output/Debug/Obj/Tutorial/mixer_rand.o
 .comment       0x000000000000003f       0x40 Output/Debug/Obj/Tutorial/mixer_request.o
 .comment       0x000000000000003f       0x40 Output/Debug/Obj/Tutorial/memxor.o
 .comment       0x000000000000003f       0x40 Output/Debug/Obj/Tutorial/mixer_internal.o
 .comment       0x000000000000003f       0x40 Output/Debug/Obj/Tutorial/mixer_transport.o
 .comment       0x000000000000003f       0x40 C:/Program Files/SEGGER/SEGGER Embedded Studio for ARM 5.68/lib/libc_v7em_fpv4_sp_d16_hard_t_le_eabi.a(libc2.o)
 .comment       0x000000000000003f       0x40 C:/Program Files/SEGGER/SEGGER Embedded Studio for ARM 5.68/lib/libc_v7em_fpv4_sp_d16_hard_t_le_eabi.a(libvfprintf.o)
 .comment       0x000000000000003f       0x40 C:/Program Files/SEGGER/SEGGER Embedded Studio for ARM 5.68/lib/libc_v7em_fpv4_sp_d16_hard_t_le_eabi.a(libc.o)

.ARM.attributes
                0x0000000000000000       0x34
 .ARM.attributes
                0x0000000000000000       0x36 Output/Debug/Obj/Tutorial/system_nrf52840.o
 .ARM.attributes
                0x0000000000000036       0x36 Output/Debug/Obj/Tutorial/main.o
 .ARM.attributes
                0x000000000000006c       0x20 Output/Debug/Obj/Tutorial/thumb_crt0.o
 .ARM.attributes
                0x000000000000008c       0x20 Output/Debug/Obj/Tutorial/ses_nRF_Startup.o
 .ARM.attributes
                0x00000000000000ac       0x20 Output/Debug/Obj/Tutorial/ses_nrf52840_Vectors.o
 .ARM.attributes
                0x00000000000000cc       0x36 Output/Debug/Obj/Tutorial/gpi.o
 .ARM.attributes
                0x0000000000000102       0x36 Output/Debug/Obj/Tutorial/mixer.o
 .ARM.attributes
                0x0000000000000138       0x36 Output/Debug/Obj/Tutorial/mixer_discovery.o
 .ARM.attributes
                0x000000000000016e       0x36 Output/Debug/Obj/Tutorial/mixer_history.o
 .ARM.attributes
                0x00000000000001a4       0x36 Output/Debug/Obj/Tutorial/mixer_processing.o
 .ARM.attributes
                0x00000000000001da       0x36 Output/Debug/Obj/Tutorial/mixer_rand.o
 .ARM.attributes
                0x0000000000000210       0x36 Output/Debug/Obj/Tutorial/mixer_request.o
 .ARM.attributes
                0x0000000000000246       0x36 Output/Debug/Obj/Tutorial/memxor.o
 .ARM.attributes
                0x000000000000027c       0x36 Output/Debug/Obj/Tutorial/mixer_internal.o
 .ARM.attributes
                0x00000000000002b2       0x36 Output/Debug/Obj/Tutorial/mixer_transport.o
 .ARM.attributes
                0x00000000000002e8       0x36 C:/Program Files/SEGGER/SEGGER Embedded Studio for ARM 5.68/lib/libc_v7em_fpv4_sp_d16_hard_t_le_eabi.a(libc2.o)
 .ARM.attributes
                0x000000000000031e       0x20 C:/Program Files/SEGGER/SEGGER Embedded Studio for ARM 5.68/lib/libc_v7em_fpv4_sp_d16_hard_t_le_eabi.a(libc2_asm.o)
 .ARM.attributes
                0x000000000000033e       0x36 C:/Program Files/SEGGER/SEGGER Embedded Studio for ARM 5.68/lib/libc_v7em_fpv4_sp_d16_hard_t_le_eabi.a(libvfprintf.o)
 .ARM.attributes
                0x0000000000000374       0x36 C:/Program Files/SEGGER/SEGGER Embedded Studio for ARM 5.68/lib/libc_v7em_fpv4_sp_d16_hard_t_le_eabi.a(libc.o)

gpi_profile_info
                0x0000000000000000        0xc
 gpi_profile_info
                0x0000000000000000        0xc Output/Debug/Obj/Tutorial/gpi.o

.debug_loc      0x0000000000000000     0x5b2f
 .debug_loc     0x0000000000000000      0x3e6 Output/Debug/Obj/Tutorial/main.o
 .debug_loc     0x00000000000003e6      0xc2e Output/Debug/Obj/Tutorial/gpi.o
 .debug_loc     0x0000000000001014      0x757 Output/Debug/Obj/Tutorial/mixer.o
 .debug_loc     0x000000000000176b      0x1b6 Output/Debug/Obj/Tutorial/mixer_history.o
 .debug_loc     0x0000000000001921     0x2086 Output/Debug/Obj/Tutorial/mixer_processing.o
 .debug_loc     0x00000000000039a7      0x471 Output/Debug/Obj/Tutorial/mixer_request.o
 .debug_loc     0x0000000000003e18       0x6e Output/Debug/Obj/Tutorial/memxor.o
 .debug_loc     0x0000000000003e86      0x12f Output/Debug/Obj/Tutorial/mixer_internal.o
 .debug_loc     0x0000000000003fb5     0x1b7a Output/Debug/Obj/Tutorial/mixer_transport.o
